// Jest Snapshot v1, https://goo.gl/fbAQLP

exports[`expect to render Form component 1`] = `ShallowWrapper {}`;
